sh: 1: ./node_modules/.bin/tsc: not found
